// Jest Snapshot v1, https://goo.gl/fbAQLP

exports[`components::Button renders the text passed to text property 1`] = `
<button>
  button textw
</button>
`;
